// Jest Snapshot v1, https://goo.gl/fbAQLP

exports[`Snapshot 1`] = `
Object {
  "Parameters": Object {
    "BootstrapVersion": Object {
      "Default": "/cdk-bootstrap/hnb659fds/version",
      "Description": "Version of the CDK Bootstrap resources in this environment, automatically retrieved from SSM Parameter Store. [cdk:skip]",
      "Type": "AWS::SSM::Parameter::Value<String>",
    },
  },
  "Resources": Object {
    "BackendConstructProcessMetricsFunctionBC3950FC": Object {
      "DependsOn": Array [
        "BackendConstructProcessMetricsFunctionServiceRoleDefaultPolicyC63930E6",
        "BackendConstructProcessMetricsFunctionServiceRole76F32C27",
      ],
      "Properties": Object {
        "Code": Object {
          "S3Bucket": Object {
            "Fn::Sub": "cdk-hnb659fds-assets-\${AWS::AccountId}-\${AWS::Region}",
          },
          "S3Key": "394a297ef26941efae0ef7833643686a314a3a9daf9a33479185ad9fee49118a.zip",
        },
        "Description": "src/lambda/process-metrics.lambda.ts",
        "Environment": Object {
          "Variables": Object {
            "TABLE_NAME": Object {
              "Ref": "StatefulConstructIotTable62D1C116",
            },
          },
        },
        "Handler": "index.handler",
        "MemorySize": 2048,
        "Role": Object {
          "Fn::GetAtt": Array [
            "BackendConstructProcessMetricsFunctionServiceRole76F32C27",
            "Arn",
          ],
        },
        "Runtime": "nodejs14.x",
      },
      "Type": "AWS::Lambda::Function",
    },
    "BackendConstructProcessMetricsFunctionServiceRole76F32C27": Object {
      "Properties": Object {
        "AssumeRolePolicyDocument": Object {
          "Statement": Array [
            Object {
              "Action": "sts:AssumeRole",
              "Effect": "Allow",
              "Principal": Object {
                "Service": "lambda.amazonaws.com",
              },
            },
          ],
          "Version": "2012-10-17",
        },
        "ManagedPolicyArns": Array [
          Object {
            "Fn::Join": Array [
              "",
              Array [
                "arn:",
                Object {
                  "Ref": "AWS::Partition",
                },
                ":iam::aws:policy/service-role/AWSLambdaBasicExecutionRole",
              ],
            ],
          },
        ],
      },
      "Type": "AWS::IAM::Role",
    },
    "BackendConstructProcessMetricsFunctionServiceRoleDefaultPolicyC63930E6": Object {
      "Properties": Object {
        "PolicyDocument": Object {
          "Statement": Array [
            Object {
              "Action": Array [
                "dynamodb:BatchGetItem",
                "dynamodb:GetRecords",
                "dynamodb:GetShardIterator",
                "dynamodb:Query",
                "dynamodb:GetItem",
                "dynamodb:Scan",
                "dynamodb:ConditionCheckItem",
                "dynamodb:BatchWriteItem",
                "dynamodb:PutItem",
                "dynamodb:UpdateItem",
                "dynamodb:DeleteItem",
                "dynamodb:DescribeTable",
              ],
              "Effect": "Allow",
              "Resource": Array [
                Object {
                  "Fn::GetAtt": Array [
                    "StatefulConstructIotTable62D1C116",
                    "Arn",
                  ],
                },
                Object {
                  "Ref": "AWS::NoValue",
                },
              ],
            },
            Object {
              "Action": Array [
                "sqs:ReceiveMessage",
                "sqs:ChangeMessageVisibility",
                "sqs:GetQueueUrl",
                "sqs:DeleteMessage",
                "sqs:GetQueueAttributes",
              ],
              "Effect": "Allow",
              "Resource": Object {
                "Fn::GetAtt": Array [
                  "StatefulConstructIotQueue64FEBDA0",
                  "Arn",
                ],
              },
            },
          ],
          "Version": "2012-10-17",
        },
        "PolicyName": "BackendConstructProcessMetricsFunctionServiceRoleDefaultPolicyC63930E6",
        "Roles": Array [
          Object {
            "Ref": "BackendConstructProcessMetricsFunctionServiceRole76F32C27",
          },
        ],
      },
      "Type": "AWS::IAM::Policy",
    },
    "BackendConstructProcessMetricsFunctionSqsEventSourceMyStackStatefulConstructIotQueue5C7ECF0183423864": Object {
      "Properties": Object {
        "EventSourceArn": Object {
          "Fn::GetAtt": Array [
            "StatefulConstructIotQueue64FEBDA0",
            "Arn",
          ],
        },
        "FunctionName": Object {
          "Ref": "BackendConstructProcessMetricsFunctionBC3950FC",
        },
      },
      "Type": "AWS::Lambda::EventSourceMapping",
    },
    "StatefulConstructIotQueue64FEBDA0": Object {
      "DeletionPolicy": "Delete",
      "Type": "AWS::SQS::Queue",
      "UpdateReplacePolicy": "Delete",
    },
    "StatefulConstructIotTable62D1C116": Object {
      "DeletionPolicy": "Delete",
      "Properties": Object {
        "AttributeDefinitions": Array [
          Object {
            "AttributeName": "PK",
            "AttributeType": "S",
          },
          Object {
            "AttributeName": "SK",
            "AttributeType": "S",
          },
        ],
        "BillingMode": "PAY_PER_REQUEST",
        "KeySchema": Array [
          Object {
            "AttributeName": "PK",
            "KeyType": "HASH",
          },
          Object {
            "AttributeName": "SK",
            "KeyType": "RANGE",
          },
        ],
      },
      "Type": "AWS::DynamoDB::Table",
      "UpdateReplacePolicy": "Delete",
    },
    "StatefulConstructTopicRule36E01E2C": Object {
      "Properties": Object {
        "TopicRulePayload": Object {
          "Actions": Array [
            Object {
              "Sqs": Object {
                "QueueUrl": Object {
                  "Ref": "StatefulConstructIotQueue64FEBDA0",
                },
                "RoleArn": Object {
                  "Fn::GetAtt": Array [
                    "StatefulConstructTopicRuleTopicRuleActionRole923198F2",
                    "Arn",
                  ],
                },
              },
            },
          ],
          "AwsIotSqlVersion": "2016-03-23",
          "Sql": "SELECT * as data, topic() as topic, timestamp() as timestamp FROM 'dev/#'",
        },
      },
      "Type": "AWS::IoT::TopicRule",
    },
    "StatefulConstructTopicRuleTopicRuleActionRole923198F2": Object {
      "Properties": Object {
        "AssumeRolePolicyDocument": Object {
          "Statement": Array [
            Object {
              "Action": "sts:AssumeRole",
              "Effect": "Allow",
              "Principal": Object {
                "Service": "iot.amazonaws.com",
              },
            },
          ],
          "Version": "2012-10-17",
        },
      },
      "Type": "AWS::IAM::Role",
    },
    "StatefulConstructTopicRuleTopicRuleActionRoleDefaultPolicy8F86EF87": Object {
      "Properties": Object {
        "PolicyDocument": Object {
          "Statement": Array [
            Object {
              "Action": "sqs:SendMessage",
              "Effect": "Allow",
              "Resource": Object {
                "Fn::GetAtt": Array [
                  "StatefulConstructIotQueue64FEBDA0",
                  "Arn",
                ],
              },
            },
          ],
          "Version": "2012-10-17",
        },
        "PolicyName": "StatefulConstructTopicRuleTopicRuleActionRoleDefaultPolicy8F86EF87",
        "Roles": Array [
          Object {
            "Ref": "StatefulConstructTopicRuleTopicRuleActionRole923198F2",
          },
        ],
      },
      "Type": "AWS::IAM::Policy",
    },
  },
  "Rules": Object {
    "CheckBootstrapVersion": Object {
      "Assertions": Array [
        Object {
          "Assert": Object {
            "Fn::Not": Array [
              Object {
                "Fn::Contains": Array [
                  Array [
                    "1",
                    "2",
                    "3",
                    "4",
                    "5",
                  ],
                  Object {
                    "Ref": "BootstrapVersion",
                  },
                ],
              },
            ],
          },
          "AssertDescription": "CDK bootstrap stack version 6 required. Please run 'cdk bootstrap' with a recent version of the CDK CLI.",
        },
      ],
    },
  },
}
`;
